
> ve-peptidosplus-com@1.0.0 build
> astro build

(node:15972) [DEP0040] DeprecationWarning: The `punycode` module is deprecated. Please use a userland alternative instead.
(Use `node --trace-deprecation ...` to show where the warning was created)
[2m07:59:32[22m [34m[@astrojs/cloudflare][39m Enabling compile-time image optimization. Images will be pre-optimized at build time.
[2m07:59:32[22m [34m[@astrojs/cloudflare][39m Enabling sessions with Cloudflare KV with the "SESSION" KV binding.
Using secrets defined in .env
[2m07:59:34[22m [34m[content][39m Syncing content
[33m[1m07:59:34[22m [WARN] [glob-loader][39m The base directory "D:\codigo6\peptidos\ve.peptidosplus.com-main\ve.peptidosplus.com-main\src\content\products\" does not exist.
[33m[1m07:59:34[22m [WARN] [glob-loader][39m The base directory "D:\codigo6\peptidos\ve.peptidosplus.com-main\ve.peptidosplus.com-main\src\content\projects\" does not exist.
[2m07:59:34[22m [34m[content][39m Synced content
[2m07:59:34[22m [34m[types][39m Generated [2m2.20s[22m
[2m07:59:34[22m [34m[build][39m output: [34m"server"[39m
[2m07:59:34[22m [34m[build][39m mode: [34m"server"[39m
[2m07:59:34[22m [34m[build][39m directory: [34mD:\codigo6\peptidos\ve.peptidosplus.com-main\ve.peptidosplus.com-main\dist\[39m
[2m07:59:34[22m [34m[build][39m adapter: [32m@astrojs/cloudflare[39m
[2m07:59:34[22m [34m[build][39m Collecting build info...
[2m07:59:34[22m [34m[build][39m [32m✓ Completed in 2.27s.[39m
[2m07:59:34[22m [34m[build][39m Building server entrypoints...
[33m[1m07:59:35[22m [WARN] [vite][39m [33mnode_modules/zod/v4/core/util.js (400:0): A comment

"// Wrapped in a `@__PURE__` IIFE: esbuild never tree-shakes a top-level initializer that contains a member access on `Number`, so the bare object literal survived into every bundle."

in "node_modules/zod/v4/core/util.js" contains an annotation that Rollup cannot interpret due to the position of the comment. The comment will be removed to avoid issues.[39m
[33m[1m07:59:35[22m [WARN] [vite][39m [33mnode_modules/zod/v4/core/regexes.js (74:0): A comment

"/** Anchors a pattern source. The interpolation lives here rather than at the call site because
 * esbuild will not drop a `@__PURE__` call whose own argument interpolates a variable, but it
 * will drop `anchor(dateSource)`. Keeping it inline pinned `date` into every bundle. */"

in "node_modules/zod/v4/core/regexes.js" contains an annotation that Rollup cannot interpret due to the position of the comment. The comment will be removed to avoid issues.[39m
Using secrets defined in .env
[2m07:59:37[22m [34m[vite][39m [32m✓ built in 2.64s[39m
[33m[1m07:59:38[22m [WARN] [vite][39m [33mnode_modules/zod/v4/core/util.js (400:0): A comment

"// Wrapped in a `@__PURE__` IIFE: esbuild never tree-shakes a top-level initializer that contains a member access on `Number`, so the bare object literal survived into every bundle."

in "node_modules/zod/v4/core/util.js" contains an annotation that Rollup cannot interpret due to the position of the comment. The comment will be removed to avoid issues.[39m
[33m[1m07:59:38[22m [WARN] [vite][39m [33mnode_modules/zod/v4/core/regexes.js (74:0): A comment

"/** Anchors a pattern source. The interpolation lives here rather than at the call site because
 * esbuild will not drop a `@__PURE__` call whose own argument interpolates a variable, but it
 * will drop `anchor(dateSource)`. Keeping it inline pinned `date` into every bundle. */"

in "node_modules/zod/v4/core/regexes.js" contains an annotation that Rollup cannot interpret due to the position of the comment. The comment will be removed to avoid issues.[39m
Using secrets defined in .env
[2m07:59:39[22m [34m[vite][39m [32m✓ built in 2.44s[39m
[2m07:59:42[22m [34m[vite][39m [32m✓ built in 3.21s[39m
[2mDefault inspector port 9229 not available, using 9230 instead
[22m
Using secrets defined in dist\server\.prerender\.dev.vars

[42m[30m prerendering static routes [39m[49m
[2m07:59:44[22m   [34m├─[39m [2m/404.html[22m [31m(+3.68s)[39m 
[2m07:59:48[22m   [34m├─[39m [2m/carrito/index.html[22m [2m(+21ms)[22m 
[2m07:59:48[22m   [34m├─[39m [2m/cuenta/addresses/index.html[22m [2m(+26ms)[22m 
[2m07:59:48[22m   [34m├─[39m [2m/cuenta/orders/index.html[22m [2m(+21ms)[22m 
[2m07:59:48[22m   [34m├─[39m [2m/cuenta/settings/index.html[22m [2m(+19ms)[22m 
[2m07:59:48[22m   [34m├─[39m [2m/cuenta/index.html[22m [2m(+23ms)[22m 
[2m07:59:48[22m   [34m├─[39m [2m/finalizar-compra/index.html[22m [2m(+18ms)[22m 
[2m07:59:48[22m   [34m├─[39m [2m/forgot-password/index.html[22m [2m(+18ms)[22m 
[2m07:59:48[22m   [34m├─[39m [2m/login/index.html[22m [2m(+20ms)[22m 
[2m07:59:48[22m   [34m├─[39m [2m/register/index.html[22m [2m(+18ms)[22m 
[2m07:59:48[22m   [34m├─[39m [2m/reset-password/index.html[22m [2m(+17ms)[22m 
[2m07:59:48[22m [32m✓ Completed in 5.34s.
[39m
[2m07:59:48[22m [34m[build][39m Rearranging server assets...
[2m07:59:48[22m [34m[build][39m [32m✓ Completed in 13.99s.[39m
[2m07:59:48[22m [34m[@astrojs/cloudflare][39m Injected immutable Cache-Control for /_astro/* into _headers.
[2m07:59:48[22m [34m[@astrojs/sitemap][39m `sitemap-index.xml` created at `dist\client`
[2m07:59:48[22m [34m[build][39m Server built in [1m16.40s[22m
[2m07:59:48[22m [34m[build][39m [1mComplete![22m
