bash.exe: warning: could not find /tmp, please create!

> ve-peptidosplus-com@1.0.0 build
> astro build

(node:29156) [DEP0040] DeprecationWarning: The `punycode` module is deprecated. Please use a userland alternative instead.
(Use `node --trace-deprecation ...` to show where the warning was created)
[2m02:43:21[22m [34m[@astrojs/cloudflare][39m Enabling compile-time image optimization. Images will be pre-optimized at build time.
[2m02:43:21[22m [34m[@astrojs/cloudflare][39m Enabling sessions with Cloudflare KV with the "SESSION" KV binding.
Using secrets defined in .env
[2m02:43:28[22m [34m[content][39m Syncing content
[33m[1m02:43:28[22m [WARN] [glob-loader][39m The base directory "D:\codigo6\peptidos\ve.peptidosplus.com-main\ve.peptidosplus.com-main\src\content\products\" does not exist.
[33m[1m02:43:28[22m [WARN] [glob-loader][39m The base directory "D:\codigo6\peptidos\ve.peptidosplus.com-main\ve.peptidosplus.com-main\src\content\projects\" does not exist.
[2m02:43:28[22m [34m[content][39m Synced content
[2m02:43:29[22m [34m[types][39m Generated [2m6.32s[22m
[2m02:43:29[22m [34m[build][39m output: [34m"server"[39m
[2m02:43:29[22m [34m[build][39m mode: [34m"server"[39m
[2m02:43:29[22m [34m[build][39m directory: [34mD:\codigo6\peptidos\ve.peptidosplus.com-main\ve.peptidosplus.com-main\dist\[39m
[2m02:43:29[22m [34m[build][39m adapter: [32m@astrojs/cloudflare[39m
[2m02:43:29[22m [34m[build][39m Collecting build info...
[2m02:43:29[22m [34m[build][39m [32m✓ Completed in 7.40s.[39m
[2m02:43:29[22m [34m[build][39m Building server entrypoints...
[33m[1m02:43:30[22m [WARN] [vite][39m [33mnode_modules/zod/v4/core/util.js (400:0): A comment

"// Wrapped in a `@__PURE__` IIFE: esbuild never tree-shakes a top-level initializer that contains a member access on `Number`, so the bare object literal survived into every bundle."

in "node_modules/zod/v4/core/util.js" contains an annotation that Rollup cannot interpret due to the position of the comment. The comment will be removed to avoid issues.[39m
[33m[1m02:43:30[22m [WARN] [vite][39m [33mnode_modules/zod/v4/core/regexes.js (74:0): A comment

"/** Anchors a pattern source. The interpolation lives here rather than at the call site because
 * esbuild will not drop a `@__PURE__` call whose own argument interpolates a variable, but it
 * will drop `anchor(dateSource)`. Keeping it inline pinned `date` into every bundle. */"

in "node_modules/zod/v4/core/regexes.js" contains an annotation that Rollup cannot interpret due to the position of the comment. The comment will be removed to avoid issues.[39m
Using secrets defined in .env
[2m02:43:32[22m [34m[vite][39m [32m✓ built in 3.37s[39m
[33m[1m02:43:33[22m [WARN] [vite][39m [33mnode_modules/zod/v4/core/util.js (400:0): A comment

"// Wrapped in a `@__PURE__` IIFE: esbuild never tree-shakes a top-level initializer that contains a member access on `Number`, so the bare object literal survived into every bundle."

in "node_modules/zod/v4/core/util.js" contains an annotation that Rollup cannot interpret due to the position of the comment. The comment will be removed to avoid issues.[39m
[33m[1m02:43:33[22m [WARN] [vite][39m [33mnode_modules/zod/v4/core/regexes.js (74:0): A comment

"/** Anchors a pattern source. The interpolation lives here rather than at the call site because
 * esbuild will not drop a `@__PURE__` call whose own argument interpolates a variable, but it
 * will drop `anchor(dateSource)`. Keeping it inline pinned `date` into every bundle. */"

in "node_modules/zod/v4/core/regexes.js" contains an annotation that Rollup cannot interpret due to the position of the comment. The comment will be removed to avoid issues.[39m
Using secrets defined in .env
[2m02:43:35[22m [34m[vite][39m [32m✓ built in 2.98s[39m
[2m02:43:39[22m [34m[vite][39m [32m✓ built in 3.98s[39m
[2mDefault inspector port 9229 not available, using 9230 instead
[22m
Using secrets defined in dist\server\.prerender\.dev.vars

[42m[30m prerendering static routes [39m[49m
[2m02:43:46[22m   [34m├─[39m [2m/404.html[22m [2m(+70ms)[22m 
[2m02:43:46[22m   [34m├─[39m [2m/account/addresses/index.html[22m [2m(+60ms)[22m 
[2m02:43:46[22m   [34m├─[39m [2m/account/orders/index.html[22m [2m(+51ms)[22m 
[2m02:43:46[22m   [34m├─[39m [2m/account/settings/index.html[22m [2m(+51ms)[22m 
[2m02:43:46[22m   [34m├─[39m [2m/account/index.html[22m [2m(+56ms)[22m 
[2m02:43:46[22m   [34m├─[39m [2m/cart/index.html[22m [2m(+46ms)[22m 
[2m02:43:46[22m   [34m├─[39m [2m/checkout/index.html[22m [2m(+48ms)[22m 
[2m02:43:46[22m   [34m├─[39m [2m/forgot-password/index.html[22m [2m(+51ms)[22m 
[2m02:43:46[22m   [34m├─[39m [2m/login/index.html[22m [2m(+54ms)[22m 
[2m02:43:46[22m   [34m├─[39m [2m/register/index.html[22m [2m(+48ms)[22m 
[2m02:43:46[22m   [34m├─[39m [2m/reset-password/index.html[22m [2m(+47ms)[22m 
[2m02:43:46[22m   [34m├─[39m [2m/shop/category/celular/index.html[22m [2m(+59ms)[22m 
[2m02:43:46[22m   [34m├─[39m [2m/shop/category/hormona-de-crecimiento/index.html[22m [2m(+50ms)[22m 
[2m02:43:46[22m   [34m├─[39m [2m/shop/category/insumos/index.html[22m [2m(+47ms)[22m 
[2m02:43:46[22m   [34m├─[39m [2m/shop/category/metabolico/index.html[22m [2m(+51ms)[22m 
[2m02:43:47[22m   [34m├─[39m [2m/shop/category/neuro/index.html[22m [2m(+50ms)[22m 
[2m02:43:47[22m   [34m├─[39m [2m/shop/category/piel-y-tejido/index.html[22m [2m(+57ms)[22m 
[2m02:43:47[22m   [34m├─[39m [2m/shop/product/lemon-bottle/index.html[22m [31m(+724ms)[39m 
[2m02:43:47[22m   [34m├─[39m [2m/shop/product/cjc-1295-sin-dac/index.html[22m [31m(+526ms)[39m 
[2m02:43:48[22m   [34m├─[39m [2m/shop/product/ss-31-elamipretide/index.html[22m [31m(+530ms)[39m 
[2m02:43:48[22m   [34m├─[39m [2m/shop/product/kisspeptin/index.html[22m [31m(+531ms)[39m 
[2m02:43:49[22m   [34m├─[39m [2m/shop/product/sermorelin/index.html[22m [31m(+525ms)[39m 
[2m02:43:49[22m   [34m├─[39m [2m/shop/product/thymosin-alpha-1/index.html[22m [31m(+531ms)[39m 
[2m02:43:50[22m   [34m├─[39m [2m/shop/product/ipamorelin/index.html[22m [31m(+716ms)[39m 
[2m02:43:51[22m   [34m├─[39m [2m/shop/product/epital-n/index.html[22m [31m(+738ms)[39m 
[2m02:43:51[22m   [34m├─[39m [2m/shop/product/dsip/index.html[22m [31m(+551ms)[39m 
[2m02:43:52[22m   [34m├─[39m [2m/shop/product/cagrilintida/index.html[22m [31m(+530ms)[39m 
[2m02:43:53[22m   [34m├─[39m [2m/shop/product/pt-141/index.html[22m [31m(+718ms)[39m 
[2m02:43:53[22m   [34m├─[39m [2m/shop/product/wolverine-bpc-157-tb-500/index.html[22m [31m(+713ms)[39m 
[2m02:43:54[22m   [34m├─[39m [2m/shop/product/selank/index.html[22m [31m(+596ms)[39m 
[2m02:43:55[22m   [34m├─[39m [2m/shop/product/glow/index.html[22m [31m(+715ms)[39m 
[2m02:43:55[22m   [34m├─[39m [2m/shop/product/melanotan-2/index.html[22m [31m(+505ms)[39m 
[2m02:43:56[22m   [34m├─[39m [2m/shop/product/glutati-n/index.html[22m [31m(+512ms)[39m 
[2m02:43:56[22m   [34m├─[39m [2m/shop/product/semax/index.html[22m [31m(+509ms)[39m 
[2m02:43:57[22m   [34m├─[39m [2m/shop/product/klow/index.html[22m [31m(+698ms)[39m 
[2m02:43:57[22m   [34m├─[39m [2m/shop/product/kpv/index.html[22m [31m(+704ms)[39m 
[2m02:43:58[22m   [34m├─[39m [2m/shop/product/agua-bacteriost-tica-hospira/index.html[22m [31m(+773ms)[39m 
[2m02:43:59[22m   [34m├─[39m [2m/shop/product/agua-bacteriost-tica/index.html[22m [31m(+529ms)[39m 
[2m02:43:59[22m   [34m├─[39m [2m/shop/product/cjc-1295-ipamorelin/index.html[22m [31m(+704ms)[39m 
[2m02:44:00[22m   [34m├─[39m [2m/shop/product/nad/index.html[22m [31m(+726ms)[39m 
[2m02:44:01[22m   [34m├─[39m [2m/shop/product/mots-c/index.html[22m [31m(+518ms)[39m 
[2m02:44:01[22m   [34m├─[39m [2m/shop/product/tesamorelin/index.html[22m [31m(+726ms)[39m 
[2m02:44:02[22m   [34m├─[39m [2m/shop/product/ghk-cu/index.html[22m [31m(+518ms)[39m 
[2m02:44:03[22m   [34m├─[39m [2m/shop/product/semaglutida/index.html[22m [31m(+517ms)[39m 
[2m02:44:03[22m   [34m├─[39m [2m/shop/product/tirzepatida/index.html[22m [31m(+739ms)[39m 
[2m02:44:04[22m   [34m├─[39m [2m/shop/product/retatrutida/index.html[22m [31m(+709ms)[39m 
[2m02:44:05[22m   [34m├─[39m [2m/shop/index.html[22m [2m(+56ms)[22m 
[2m02:44:05[22m [32m✓ Completed in 25.74s.
[39m
[2m02:44:05[22m [34m[build][39m Rearranging server assets...
[2m02:44:05[22m [34m[build][39m [32m✓ Completed in 36.51s.[39m
[2m02:44:05[22m [34m[@astrojs/cloudflare][39m Injected immutable Cache-Control for /_astro/* into _headers.
[2m02:44:05[22m [34m[@astrojs/sitemap][39m `sitemap-index.xml` created at `dist\client`
[2m02:44:06[22m [34m[build][39m Server built in [1m44.92s[22m
[2m02:44:06[22m [34m[build][39m [1mComplete![22m
